Microsoft Windows [Version 10.0.22621.3737]
(c) Microsoft Corporation. All rights reserved.

C:\Users\revan>ssh romeo@20.11.1.58
The authenticity of host '20.11.1.58 (20.11.1.58)' can't be established.
ED25519 key fingerprint is SHA256:VWvpam9ffXt/XGpH0sQ2NAIh4fZ8vmAy2C9+zGnVJ2o.
This key is not known by any other names
Are you sure you want to continue connecting (yes/no/[fingerprint])? yes
Warning: Permanently added '20.11.1.58' (ED25519) to the list of known hosts.
romeo@20.11.1.58's password:
Permission denied, please try again.
romeo@20.11.1.58's password:
Connection closed by 20.11.1.58 port 22

C:\Users\revan>
C:\Users\revan>ssh romeo@20.11.1.58
romeo@20.11.1.58's password:
Welcome to Ubuntu 20.04.6 LTS (GNU/Linux 5.15.0-1064-azure x86_64)

 * Documentation:  https://help.ubuntu.com
 * Management:     https://landscape.canonical.com
 * Support:        https://ubuntu.com/pro

 System information as of Tue Jun 25 09:21:42 UTC 2024

  System load:  0.27              Processes:             213
  Usage of /:   5.7% of 28.89GB   Users logged in:       1
  Memory usage: 5%                IPv4 address for eth0: 10.1.0.4
  Swap usage:   0%


Expanded Security Maintenance for Applications is not enabled.

2 updates can be applied immediately.
2 of these updates are standard security updates.
To see these additional updates run: apt list --upgradable

Enable ESM Apps to receive additional future security updates.
See https://ubuntu.com/esm or run: sudo pro status

New release '22.04.3 LTS' available.
Run 'do-release-upgrade' to upgrade to it.


Last login: Tue Jun 25 09:22:08 2024 from 117.250.198.87
romeo@ubuntu:~$ who
romeo    pts/0        2024-06-25 09:20 (117.250.198.87)
romeo    pts/1        2024-06-25 09:20 (117.250.198.87)
romeo    pts/2        2024-06-25 09:20 (117.250.198.87)
romeo    pts/3        2024-06-25 09:20 (117.250.198.87)
romeo    pts/4        2024-06-25 09:20 (117.250.198.87)
romeo    pts/5        2024-06-25 09:20 (117.250.198.87)
romeo    pts/6        2024-06-25 09:20 (117.250.198.87)
romeo    pts/7        2024-06-25 09:20 (117.250.198.87)
romeo    pts/8        2024-06-25 09:20 (117.250.198.87)
romeo    pts/9        2024-06-25 09:21 (117.250.198.87)
romeo    pts/10       2024-06-25 09:21 (117.250.198.87)
romeo    pts/11       2024-06-25 09:21 (152.58.197.80)
romeo    pts/12       2024-06-25 09:21 (117.250.198.87)
romeo    pts/13       2024-06-25 09:21 (117.250.198.87)
romeo    pts/14       2024-06-25 09:21 (117.250.198.87)
romeo    pts/15       2024-06-25 09:21 (117.250.198.87)
romeo    pts/16       2024-06-25 09:21 (117.250.198.87)
romeo    pts/17       2024-06-25 09:21 (117.250.198.87)
romeo    pts/18       2024-06-25 09:21 (117.250.198.87)
romeo    pts/19       2024-06-25 09:21 (117.250.198.87)
romeo    pts/20       2024-06-25 09:21 (117.250.198.87)
romeo    pts/21       2024-06-25 09:21 (117.250.198.87)
romeo    pts/22       2024-06-25 09:21 (49.15.206.212)
romeo    pts/23       2024-06-25 09:21 (117.250.198.87)
romeo    pts/24       2024-06-25 09:21 (117.250.198.87)
romeo    pts/25       2024-06-25 09:21 (117.250.198.87)
romeo    pts/26       2024-06-25 09:21 (117.250.198.87)
romeo    pts/27       2024-06-25 09:21 (117.250.198.87)
romeo    pts/28       2024-06-25 09:22 (117.250.198.87)
romeo    pts/29       2024-06-25 09:22 (117.250.198.87)
romeo    pts/30       2024-06-25 09:22 (117.250.198.87)
romeo    pts/32       2024-06-25 09:22 (27.60.229.95)
romeo    pts/33       2024-06-25 09:22 (117.250.198.87)
romeo    pts/34       2024-06-25 09:22 (117.250.198.87)
romeo    pts/31       2024-06-25 09:22 (157.48.89.39)
romeo    pts/35       2024-06-25 09:22 (117.250.198.87)
romeo    pts/36       2024-06-25 09:22 (117.250.198.87)
romeo@ubuntu:~$ who
romeo    pts/0        2024-06-25 09:20 (117.250.198.87)
romeo    pts/1        2024-06-25 09:20 (117.250.198.87)
romeo    pts/2        2024-06-25 09:20 (117.250.198.87)
romeo    pts/3        2024-06-25 09:20 (117.250.198.87)
romeo    pts/4        2024-06-25 09:20 (117.250.198.87)
romeo    pts/5        2024-06-25 09:20 (117.250.198.87)
romeo    pts/6        2024-06-25 09:20 (117.250.198.87)
romeo    pts/7        2024-06-25 09:20 (117.250.198.87)
romeo    pts/8        2024-06-25 09:20 (117.250.198.87)
romeo    pts/9        2024-06-25 09:21 (117.250.198.87)
romeo    pts/10       2024-06-25 09:21 (117.250.198.87)
romeo    pts/11       2024-06-25 09:21 (152.58.197.80)
romeo    pts/12       2024-06-25 09:21 (117.250.198.87)
romeo    pts/13       2024-06-25 09:21 (117.250.198.87)
romeo    pts/14       2024-06-25 09:21 (117.250.198.87)
romeo    pts/15       2024-06-25 09:21 (117.250.198.87)
romeo    pts/16       2024-06-25 09:21 (117.250.198.87)
romeo    pts/17       2024-06-25 09:21 (117.250.198.87)
romeo    pts/18       2024-06-25 09:21 (117.250.198.87)
romeo    pts/19       2024-06-25 09:21 (117.250.198.87)
romeo    pts/20       2024-06-25 09:21 (117.250.198.87)
romeo    pts/21       2024-06-25 09:21 (117.250.198.87)
romeo    pts/22       2024-06-25 09:21 (49.15.206.212)
romeo    pts/23       2024-06-25 09:21 (117.250.198.87)
romeo    pts/24       2024-06-25 09:21 (117.250.198.87)
romeo    pts/25       2024-06-25 09:21 (117.250.198.87)
romeo    pts/26       2024-06-25 09:21 (117.250.198.87)
romeo    pts/27       2024-06-25 09:21 (117.250.198.87)
romeo    pts/28       2024-06-25 09:22 (117.250.198.87)
romeo    pts/29       2024-06-25 09:22 (117.250.198.87)
romeo    pts/30       2024-06-25 09:22 (117.250.198.87)
romeo    pts/32       2024-06-25 09:22 (27.60.229.95)
romeo    pts/33       2024-06-25 09:22 (117.250.198.87)
romeo    pts/34       2024-06-25 09:22 (117.250.198.87)
romeo    pts/31       2024-06-25 09:22 (157.48.89.39)
romeo    pts/35       2024-06-25 09:22 (117.250.198.87)
romeo    pts/36       2024-06-25 09:22 (117.250.198.87)
romeo    pts/37       2024-06-25 09:22 (117.250.198.87)
romeo    pts/38       2024-06-25 09:22 (117.250.198.87)
romeo@ubuntu:~$ who